<html>
<body>
<pre>
<h1>礦ision Build Log</h1>
<h2>Tool Versions:</h2>
IDE-Version: μVision V5.22.0.0
Copyright (C) 2016 ARM Ltd and ARM Germany GmbH. All rights reserved.
License Information: 1 1, 1, LIC=V8556-DHG5L-GNVA5-GF2FJ-34TUE-SCSHR
 
Tool Versions:
Toolchain:       MDK-ARM Professional  Version: 5.22
Toolchain Path:  D:\KELI\ARM\ARMCC\Bin
C Compiler:      Armcc.exe V5.06 update 4 (build 422)
Assembler:       Armasm.exe V5.06 update 4 (build 422)
Linker/Locator:  ArmLink.exe V5.06 update 4 (build 422)
Library Manager: ArmAr.exe V5.06 update 4 (build 422)
Hex Converter:   FromElf.exe V5.06 update 4 (build 422)
CPU DLL:         SARMCM3.DLL V5.22
Dialog DLL:      DARMSTM.DLL V1.67.0.0
Target DLL:      STLink\ST-LINKIII-KEIL_SWO.dll V2.0.18.0
Dialog DLL:      TARMSTM.DLL V1.66.0.0
 
<h2>Project:</h2>
F:\BaiduNetdiskDownload\DHT11 湿度模块 温湿度模块 传感器 数字开关送杜邦线\DHT11测试资料\实验13 TFTLCD显示实验\USER\LCD.uvprojx
Project File Date:  04/23/2021

<h2>Output:</h2>
*** Using Compiler 'V5.06 update 4 (build 422)', folder: 'D:\KELI\ARM\ARMCC\Bin'
Rebuild target 'LCD'
compiling system_stm32f10x.c...
compiling led.c...
compiling delay.c...
compiling bsp_dht11.c...
compiling stm32f10x_it.c...
compiling main.c...
compiling lcd.c...
assembling startup_stm32f10x_hd.s...
compiling usart.c...
compiling sys.c...
compiling misc.c...
compiling stm32f10x_fsmc.c...
compiling stm32f10x_gpio.c...
compiling stm32f10x_rcc.c...
compiling core_cm3.c...
compiling stm32f10x_usart.c...
compiling stm32f10x_exti.c...
linking...
Program Size: Code=27164 RO-data=6456 RW-data=64 ZI-data=1848  
FromELF: creating hex file...
"..\OBJ\LCD.axf" - 0 Error(s), 0 Warning(s).

<h2>Software Packages used:</h2>

Package Vendor: Keil
                http://www.keil.com/pack/Keil.STM32F1xx_DFP.2.1.0.pack
                Keil::Device:StdPeriph Drivers:EXTI:3.5.0
                STMicroelectronics STM32F1 Series Device Support, Drivers and Examples
   * Component: EXTI Version: 3.5.0

<h2>Collection of Component include folders:</h2>
  F:\BaiduNetdiskDownload\DHT11 湿度模块 温湿度模块 传感器 数字开关送杜邦线\DHT11测试资料\实验13 TFTLCD显示实验\USER\RTE\_LCD
  D:\KELI\ARM\PACK\Keil\STM32F1xx_DFP\2.1.0\Device\Include
  D:\KELI\ARM\PACK\Keil\STM32F1xx_DFP\2.1.0\Device\StdPeriph_Driver\inc

<h2>Collection of Component Files used:</h2>

   * Component: Keil::Device:StdPeriph Drivers:EXTI:3.5.0
      Include file:  Device\StdPeriph_Driver\inc\stm32f10x_exti.h
      Source file:   Device\StdPeriph_Driver\src\stm32f10x_exti.c
Build Time Elapsed:  00:00:06
</pre>
</body>
</html>
